// Jest Snapshot v1, https://goo.gl/fbAQLP

exports[`Notes Component renders correctly 1`] = `"<Notes classes={{...}} />"`;
